// Jest Snapshot v1, https://goo.gl/fbAQLP

exports[`application can navigate to login page 1`] = `"<header><div class=\\"navbar-container\\"><li><a class=\\"navbar-link\\" href=\\"/\\">Front Page</a></li><li><a class=\\"navbar-link\\" href=\\"/message\\">Send Message</a></li><li><a class=\\"navbar-link\\" href=\\"/log\\">Message Log</a></li><li><a class=\\"navbar-link\\" href=\\"/profile\\">Profile</a></li><li><a class=\\"navbar-link\\" href=\\"/login\\">Login</a></li></div></header><main><div><h1>Please log in</h1><form><div><label>Email: <input type=\\"text\\" value=\\"\\"></label></div><div><label>Password: <input type=\\"password\\" value=\\"\\"></label></div><button>Log in</button></form></div></main>"`;

exports[`application can show home page 1`] = `"<header><div class=\\"navbar-container\\"><li><a class=\\"navbar-link\\" href=\\"/\\">Front Page</a></li><li><a class=\\"navbar-link\\" href=\\"/message\\">Send Message</a></li><li><a class=\\"navbar-link\\" href=\\"/log\\">Message Log</a></li><li><a class=\\"navbar-link\\" href=\\"/profile\\">Profile</a></li><li><a class=\\"navbar-link\\" href=\\"/login\\">Login</a></li></div></header><main><div><h1>Welcome 👋🏻</h1><p>Please log in to use this messaging application</p></div></main>"`;
